// Jest Snapshot v1, https://goo.gl/fbAQLP

exports[`FlatListSources component FlatListSources snapshot test 1`] = `
<RCTScrollView
  contentContainerStyle={
    Object {
      "width": 637,
    }
  }
  data={Array []}
  getItem={[Function]}
  getItemCount={[Function]}
  keyExtractor={[Function]}
  onContentSizeChange={[Function]}
  onLayout={[Function]}
  onMomentumScrollBegin={[Function]}
  onMomentumScrollEnd={[Function]}
  onScroll={[Function]}
  onScrollBeginDrag={[Function]}
  onScrollEndDrag={[Function]}
  removeClippedSubviews={false}
  renderItem={[Function]}
  scrollEventThrottle={50}
  stickyHeaderIndices={Array []}
  viewabilityConfigCallbackPairs={Array []}
>
  <View />
</RCTScrollView>
`;
